[("Unboxed strings have spaces added", "hello" #)]
